controlPlane:
  apiServer:
    url: http://localhost:5681
dataplane:
  mesh: default
  drainTime: 30s
dataplaneRuntime:
  binaryPath: envoy
sds:
  type: cp
  address: ""
  vault:
    address: ""
    agentAddress: ""
    namespace: ""
    tls:
      caCertDir: ""
      caCertPath: ""
      clientCertPath: ""
      clientKeyPath: ""
      serverName: ""
      skipVerify: false
    token: ""
