items:
  - mesh: default
    name: web1-to-backend1
    selectors:
    - match:
        service: web1
        version: "1.0"
    conf:
      backend: file
    type: TrafficLog
  - mesh: default
    name: web2-to-backend2
    selectors:
    - match:
        service: web2
        version: "1.0"
    conf:
      backend: logstash
    type: TrafficLog
