{
  "type": "Mesh",
  "name": "demo",
  "mtls": {
    "enabled": true,
    "defaultBackend": "builtin-1",
    "backends": [
      {
        "name": "builtin-1",
        "type": "builtin"
      }
    ]
  }
}
